// Jest Snapshot v1, https://goo.gl/fbAQLP

exports[`Member table compponent Should match snapshot 1`] = `
"<Fragment>
  <MemberToolbarComponent onPDF={[Function: mockConstructor]} onNew={[Function: mockConstructor]} />
  <WithStyles(ForwardRef(TableContainer))>
    <WithStyles(ForwardRef(Table))>
      <WithStyles(ForwardRef(TableHead))>
        <WithStyles(ForwardRef(TableRow))>
          <WithStyles(ForwardRef(TableCell))>
            Nome
          </WithStyles(ForwardRef(TableCell))>
          <WithStyles(ForwardRef(TableCell))>
            Cognome
          </WithStyles(ForwardRef(TableCell))>
          <WithStyles(ForwardRef(TableCell))>
            Data di nascita
          </WithStyles(ForwardRef(TableCell))>
          <WithStyles(ForwardRef(TableCell))>
            Codice Fiscale
          </WithStyles(ForwardRef(TableCell))>
          <WithStyles(ForwardRef(TableCell))>
            Citt√†
          </WithStyles(ForwardRef(TableCell))>
          <WithStyles(ForwardRef(TableCell))>
            Provincia
          </WithStyles(ForwardRef(TableCell))>
          <WithStyles(ForwardRef(TableCell))>
            Email
          </WithStyles(ForwardRef(TableCell))>
          <WithStyles(ForwardRef(TableCell))>
            Stato
          </WithStyles(ForwardRef(TableCell))>
          <WithStyles(ForwardRef(TableCell)) colSpan={2} />
        </WithStyles(ForwardRef(TableRow))>
      </WithStyles(ForwardRef(TableHead))>
      <WithStyles(ForwardRef(TableBody))>
        <MemberRowComponent onDeleteClick={[Function: mockConstructor]} onEditClick={[Function: mockConstructor]} member={{...}} />
        <MemberRowComponent onDeleteClick={[Function: mockConstructor]} onEditClick={[Function: mockConstructor]} member={{...}} />
        <MemberRowComponent onDeleteClick={[Function: mockConstructor]} onEditClick={[Function: mockConstructor]} member={{...}} />
      </WithStyles(ForwardRef(TableBody))>
    </WithStyles(ForwardRef(Table))>
  </WithStyles(ForwardRef(TableContainer))>
</Fragment>"
`;
