// Jest Snapshot v1, https://goo.gl/fbAQLP

exports[`Menu Entry component test Should match snapshot 1`] = `
"<li>
  <Link to=\\"/route_1\\">
    <FontAwesomeIcon icon={{...}} border={false} className=\\"\\" mask={{...}} fixedWidth={false} inverse={false} flip={{...}} listItem={false} pull={{...}} pulse={false} rotation={{...}} size={{...}} spin={false} symbol={false} title=\\"\\" transform={{...}} swapOpacity={false} />
     
    <span>
      route_1
    </span>
  </Link>
</li>"
`;
